Jax plugin configuration error: Exception when calling jax_plugins.xla_cuda12.initialize()
Traceback (most recent call last):
  File "/home/roman/venv-axiom/lib/python3.11/site-packages/jax_plugins/xla_cuda12/__init__.py", line 201, in _version_check
    version = get_version()
              ^^^^^^^^^^^^^
RuntimeError: jaxlib/cuda/versions_helpers.cc:85: operation cusparseGetProperty(MAJOR_VERSION, &major) failed: The cuSPARSE library was not found.

The above exception was the direct cause of the following exception:

Traceback (most recent call last):
  File "/home/roman/venv-axiom/lib/python3.11/site-packages/jax/_src/xla_bridge.py", line 508, in discover_pjrt_plugins
    plugin_module.initialize()
  File "/home/roman/venv-axiom/lib/python3.11/site-packages/jax_plugins/xla_cuda12/__init__.py", line 370, in initialize
    _check_cuda_versions(raise_on_first_error = True)
  File "/home/roman/venv-axiom/lib/python3.11/site-packages/jax_plugins/xla_cuda12/__init__.py", line 266, in _check_cuda_versions
    _version_check("cuSPARSE", cuda_versions.cusparse_get_version,
  File "/home/roman/venv-axiom/lib/python3.11/site-packages/jax_plugins/xla_cuda12/__init__.py", line 205, in _version_check
    raise RuntimeError(err_msg) from e
RuntimeError: Unable to load cuSPARSE. Is it installed?
An NVIDIA GPU may be present on this machine, but a CUDA-enabled jaxlib is not installed. Falling back to cpu.
Traceback (most recent call last):
  File "/home/roman/axiom/evidence/gemm_peak_bench.py", line 41, in <module>
    main()
  File "/home/roman/axiom/evidence/gemm_peak_bench.py", line 35, in main
    t = bench(dt, M, K, N)
        ^^^^^^^^^^^^^^^^^^
  File "/home/roman/axiom/evidence/gemm_peak_bench.py", line 26, in bench
    r.block_until_ready()
KeyboardInterrupt
Exception ignored in atexit callback: <function clean_up at 0x7afb3a35b920>
Traceback (most recent call last):
  File "/home/roman/venv-axiom/lib/python3.11/site-packages/jax/_src/api.py", line 2578, in clean_up
    clear_backends(_crash=True)
  File "/home/roman/venv-axiom/lib/python3.11/site-packages/jax/_src/api.py", line 2556, in clear_backends
    util.clear_all_caches()
  File "/home/roman/venv-axiom/lib/python3.11/site-packages/jax/_src/util.py", line 305, in clear_all_caches
    cache.cache_clear()
KeyboardInterrupt: 
